{
  "auditlog": "",
  "autocalibration": true,
  "autocalibration_keyword": "FUZZ",
  "autocalibration_perhost": false,
  "autocalibration_strategies": [
    "basic"
  ],
  "autocalibration_strings": [],
  "colors": false,
  "cmdline": "ffuf -u https://example.org/FUZZ -w /tmp/wl.txt",
  "configfile": "",
  "postdata": "",
  "debuglog": "",
  "delay": {
    "value": "0.00"
  },
  "dirsearch_compatibility": false,
  "encoders": [],
  "extensions": [],
  "fmode": "or",
  "follow_redirects": false,
  "headers": {},
  "ignorebody": false,
  "ignore_wordlist_comments": false,
  "inputmode": "clusterbomb",
  "cmd_inputnum": 100,
  "inputproviders": [
    {
      "name": "wordlist",
      "keyword": "FUZZ",
      "value": "/tmp/wl.txt",
      "encoders": "",
      "template": ""
    }
  ],
  "inputshell": "",
  "json": false,
  "matchers": null,
  "mmode": "or",
  "maxtime": 0,
  "maxtime_job": 0,
  "method": "GET",
  "noninteractive": false,
  "outputdirectory": "",
  "outputfile": "",
  "outputformat": "",
  "OutputSkipEmptyFile": false,
  "proxyurl": "",
  "quiet": false,
  "rate": 0,
  "raw": false,
  "recursion": false,
  "recursion_depth": 0,
  "recursion_strategy": "default",
  "replayproxyurl": "",
  "requestfile": "",
  "requestproto": "https",
  "scraperfile": "",
  "scrapers": "all",
  "sni": "",
  "stop_403": false,
  "stop_all": false,
  "stop_errors": false,
  "threads": 40,
  "timeout": 10,
  "url": "https://example.org/FUZZ",
  "verbose": false,
  "wordlists": [
    "/tmp/wl.txt"
  ],
  "http2": false,
  "client-cert": "",
  "client-key": "",
  "preflights": [],
  "postflights": [],
  "preflight_mode": "per-request",
  "preflight_error": "abort"
}

--- matchers after SetupFilters ---
matchers:
  status = 200-299,301,302,307,401,403,405,500
filters:

